// Jest Snapshot v1, https://goo.gl/fbAQLP

exports[`build-output-summary generates final summary output 1`] = `
Object {
  "groups": Array [],
}
`;
